// Jest Snapshot v1, https://goo.gl/fbAQLP

exports[`zos-workflows list definition should not have changed 1`] = `
Object {
  "description": "Archive workflow instance in z/OSMF.",
  "name": "archive",
  "summary": "Archive workflow instance in z/OSMF",
  "type": "group",
}
`;
