// Jest Snapshot v1, https://goo.gl/fbAQLP

exports[`provisioning provision should display the help 1`] = `
"
 DESCRIPTION
 -----------

   Using z/OSMF cloud provisioning services provision available templates.

 USAGE
 -----

   zowe provisioning provision <command>

   Where <command> is one of the following:

 COMMANDS
 --------

   template | tem Provision a published software service template

 GLOBAL OPTIONS
 --------------

   --help-examples (boolean)

      Display examples for all the commands in a group

   --response-format-json | --rfj (boolean)

      Produce JSON formatted data from a command

   --help | -h (boolean)

      Display help text

   --help-web | --hw (boolean)

      Display HTML help in browser

{
  \\"success\\": true,
  \\"exitCode\\": 0,
  \\"message\\": \\"The help was constructed for command: provision.\\",
  \\"stdout\\": \\"\\\\n DESCRIPTION\\\\n -----------\\\\n\\\\n   Using z/OSMF cloud provisioning services provision available templates.\\\\n\\\\n USAGE\\\\n -----\\\\n\\\\n   zowe provisioning provision <command>\\\\n\\\\n   Where <command> is one of the following:\\\\n\\\\n COMMANDS\\\\n --------\\\\n\\\\n   template | tem Provision a published software service template\\\\n\\\\n GLOBAL OPTIONS\\\\n --------------\\\\n\\\\n   --help-examples (boolean)\\\\n\\\\n      Display examples for all the commands in a group\\\\n\\\\n   --response-format-json | --rfj (boolean)\\\\n\\\\n      Produce JSON formatted data from a command\\\\n\\\\n   --help | -h (boolean)\\\\n\\\\n      Display help text\\\\n\\\\n   --help-web | --hw (boolean)\\\\n\\\\n      Display HTML help in browser\\\\n\\\\n\\",
  \\"stderr\\": \\"\\",
  \\"data\\": \\"\\\\n DESCRIPTION\\\\n -----------\\\\n\\\\n   Using z/OSMF cloud provisioning services provision available templates.\\\\n\\\\n USAGE\\\\n -----\\\\n\\\\n   zowe provisioning provision <command>\\\\n\\\\n   Where <command> is one of the following:\\\\n\\\\n COMMANDS\\\\n --------\\\\n\\\\n   template | tem Provision a published software service template\\\\n\\\\n GLOBAL OPTIONS\\\\n --------------\\\\n\\\\n   --help-examples (boolean)\\\\n\\\\n      Display examples for all the commands in a group\\\\n\\\\n   --response-format-json | --rfj (boolean)\\\\n\\\\n      Produce JSON formatted data from a command\\\\n\\\\n   --help | -h (boolean)\\\\n\\\\n      Display help text\\\\n\\\\n   --help-web | --hw (boolean)\\\\n\\\\n      Display HTML help in browser\\\\n\\\\n\\"
}"
`;
