// Jest Snapshot v1, https://goo.gl/fbAQLP

exports[`zos-tso stop should display the help 1`] = `
"
 DESCRIPTION
 -----------

   Stop TSO/E address space.

 USAGE
 -----

   zowe zos-tso stop <command>

   Where <command> is one of the following:

 COMMANDS
 --------

   address-space | as Stop a TSO address space, from which you previously started
                      and received a token (a.k.a 'servlet-key').                

 GLOBAL OPTIONS
 --------------

   --help-examples (boolean)

      Display examples for all the commands in a group

   --response-format-json | --rfj (boolean)

      Produce JSON formatted data from a command

   --help | -h (boolean)

      Display help text

   --help-web | --hw (boolean)

      Display HTML help in browser

{
  \\"success\\": true,
  \\"exitCode\\": 0,
  \\"message\\": \\"The help was constructed for command: stop.\\",
  \\"stdout\\": \\"\\\\n DESCRIPTION\\\\n -----------\\\\n\\\\n   Stop TSO/E address space.\\\\n\\\\n USAGE\\\\n -----\\\\n\\\\n   zowe zos-tso stop <command>\\\\n\\\\n   Where <command> is one of the following:\\\\n\\\\n COMMANDS\\\\n --------\\\\n\\\\n   address-space | as Stop a TSO address space, from which you previously started\\\\n                      and received a token (a.k.a 'servlet-key').                \\\\n\\\\n GLOBAL OPTIONS\\\\n --------------\\\\n\\\\n   --help-examples (boolean)\\\\n\\\\n      Display examples for all the commands in a group\\\\n\\\\n   --response-format-json | --rfj (boolean)\\\\n\\\\n      Produce JSON formatted data from a command\\\\n\\\\n   --help | -h (boolean)\\\\n\\\\n      Display help text\\\\n\\\\n   --help-web | --hw (boolean)\\\\n\\\\n      Display HTML help in browser\\\\n\\\\n\\",
  \\"stderr\\": \\"\\",
  \\"data\\": \\"\\\\n DESCRIPTION\\\\n -----------\\\\n\\\\n   Stop TSO/E address space.\\\\n\\\\n USAGE\\\\n -----\\\\n\\\\n   zowe zos-tso stop <command>\\\\n\\\\n   Where <command> is one of the following:\\\\n\\\\n COMMANDS\\\\n --------\\\\n\\\\n   address-space | as Stop a TSO address space, from which you previously started\\\\n                      and received a token (a.k.a 'servlet-key').                \\\\n\\\\n GLOBAL OPTIONS\\\\n --------------\\\\n\\\\n   --help-examples (boolean)\\\\n\\\\n      Display examples for all the commands in a group\\\\n\\\\n   --response-format-json | --rfj (boolean)\\\\n\\\\n      Produce JSON formatted data from a command\\\\n\\\\n   --help | -h (boolean)\\\\n\\\\n      Display help text\\\\n\\\\n   --help-web | --hw (boolean)\\\\n\\\\n      Display HTML help in browser\\\\n\\\\n\\"
}"
`;
