// Jest Snapshot v1, https://goo.gl/fbAQLP

exports[`Command Profiles should allow us to create an instance with map values 1`] = `
CommandProfiles {
  "mMap": Map {
    "strawberry" => Array [
      Object {
        "age": 1,
        "name": "great",
        "type": "strawberry",
      },
      Object {
        "age": 2,
        "name": "awesome",
        "type": "strawberry",
      },
    ],
  },
  "mMetaMap": Map {
    "strawberry" => Array [
      Object {
        "failNotFound": false,
        "message": "just right",
        "name": "great",
        "profile": Object {
          "age": 1,
        },
        "type": "strawberry",
      },
      Object {
        "failNotFound": false,
        "message": "too old",
        "name": "gross",
        "profile": Object {
          "age": 3,
        },
        "type": "strawberry",
      },
    ],
  },
}
`;

exports[`Command Profiles should detect missing parameters 1`] = `"Expect Error: Command Profiles Internal Error: No map was supplied."`;

exports[`Command Profiles should detect that the parameters are not a map 1`] = `"Expect Error: Command Profiles Internal Error: The \\"map\\" supplied is not an instance of a map."`;
