// Jest Snapshot v1, https://goo.gl/fbAQLP

exports[`daemon disable definition should not have changed 1`] = `
Object {
  "description": "Disable daemon-mode operation of the Zowe CLI.",
  "examples": Array [
    Object {
      "description": "Disable daemon-mode",
      "options": "",
    },
  ],
  "name": "disable",
  "summary": "Disable daemon-mode operation of the Zowe CLI",
  "type": "command",
}
`;
